<?php return array (
  0 => 'Symfony\\Bundle\\FrameworkBundle\\Controller\\AbstractController',
  1 => 'App\\Controller\\Admin\\CarDetailsCrudController',
  2 => 'App\\Controller\\Admin\\CommentCrudController',
  3 => 'App\\Controller\\Admin\\DashboardController',
  4 => 'App\\Controller\\Admin\\EngineCrudController',
  5 => 'App\\Controller\\Admin\\FaultCrudController',
  6 => 'App\\Controller\\Admin\\MakeCrudController',
  7 => 'App\\Controller\\Admin\\ModelCrudController',
  8 => 'App\\Controller\\Admin\\PartCrudController',
  9 => 'App\\Controller\\Admin\\RimCrudController',
  10 => 'App\\Controller\\Admin\\SubModelCrudController',
  11 => 'App\\Controller\\Admin\\TireCrudController',
  12 => 'App\\Controller\\Admin\\TransmissionCrudController',
  13 => 'App\\Controller\\Admin\\UserCrudController',
  14 => 'App\\Controller\\BaseController',
  15 => 'App\\Controller\\CommentController',
  16 => 'App\\Controller\\FavouriteController',
  17 => 'App\\Controller\\MainController',
  18 => 'App\\Controller\\PreferenceController',
  19 => 'App\\Controller\\RatingController',
  20 => 'App\\Controller\\RegistrationController',
  21 => 'App\\Controller\\ResetPasswordController',
  22 => 'App\\Controller\\ScaleController',
  23 => 'App\\Controller\\SearchFilterController',
  24 => 'App\\Controller\\SecurityController',
  25 => 'App\\Controller\\SubModelController',
  26 => 'App\\Entity\\Car',
  27 => 'App\\Entity\\CarDetails',
  28 => 'App\\Entity\\Comment',
  29 => 'App\\Entity\\Engine',
  30 => 'App\\Entity\\Fault',
  31 => 'App\\Entity\\Favourite',
  32 => 'App\\Entity\\Image',
  33 => 'App\\Entity\\Make',
  34 => 'App\\Entity\\Model',
  35 => 'App\\Entity\\Part',
  36 => 'App\\Entity\\Rating',
  37 => 'App\\Entity\\ResetPasswordRequest',
  38 => 'App\\Entity\\Rim',
  39 => 'App\\Entity\\Scale',
  40 => 'App\\Entity\\SubModel',
  41 => 'App\\Entity\\Tire',
  42 => 'App\\Entity\\Transmission',
  43 => 'App\\Entity\\User',
  44 => 'Doctrine\\Bundle\\DoctrineBundle\\Controller\\ProfilerController',
  45 => 'Doctrine\\ORM\\Cache\\Persister\\Entity\\AbstractEntityPersister',
  46 => 'Doctrine\\ORM\\Cache\\Persister\\Entity\\CachedEntityPersister',
  47 => 'Doctrine\\ORM\\Cache\\Persister\\Entity\\NonStrictReadWriteCachedEntityPersister',
  48 => 'Doctrine\\ORM\\Cache\\Persister\\Entity\\ReadOnlyCachedEntityPersister',
  49 => 'Doctrine\\ORM\\Cache\\Persister\\Entity\\ReadWriteCachedEntityPersister',
  50 => 'Doctrine\\ORM\\Persisters\\Entity\\AbstractEntityInheritancePersister',
  51 => 'Doctrine\\ORM\\Persisters\\Entity\\BasicEntityPersister',
  52 => 'Doctrine\\ORM\\Persisters\\Entity\\CachedPersisterContext',
  53 => 'Doctrine\\ORM\\Persisters\\Entity\\EntityPersister',
  54 => 'Doctrine\\ORM\\Persisters\\Entity\\JoinedSubclassPersister',
  55 => 'Doctrine\\ORM\\Persisters\\Entity\\SingleTablePersister',
  56 => 'EasyCorp\\Bundle\\EasyAdminBundle\\Contracts\\Controller\\CrudControllerInterface',
  57 => 'EasyCorp\\Bundle\\EasyAdminBundle\\Contracts\\Controller\\DashboardControllerInterface',
  58 => 'EasyCorp\\Bundle\\EasyAdminBundle\\Controller\\AbstractCrudController',
  59 => 'EasyCorp\\Bundle\\EasyAdminBundle\\Controller\\AbstractDashboardController',
  60 => 'EasyCorp\\Bundle\\EasyAdminBundle\\Controller\\EasyAdminController',
  61 => 'SymfonyCasts\\Bundle\\ResetPassword\\Controller\\ResetPasswordControllerTrait',
  63 => 'Symfony\\Bundle\\FrameworkBundle\\Controller\\ControllerResolver',
  64 => 'Symfony\\Bundle\\FrameworkBundle\\Controller\\RedirectController',
  65 => 'Symfony\\Bundle\\FrameworkBundle\\Controller\\TemplateController',
  66 => 'Symfony\\Bundle\\WebProfilerBundle\\Controller\\ExceptionPanelController',
  67 => 'Symfony\\Bundle\\WebProfilerBundle\\Controller\\ProfilerController',
  68 => 'Symfony\\Bundle\\WebProfilerBundle\\Controller\\RouterController',
  69 => 'Symfony\\Component\\HttpKernel\\Controller\\ArgumentResolver',
  70 => 'Symfony\\Component\\HttpKernel\\Controller\\ArgumentResolverInterface',
  71 => 'Symfony\\Component\\HttpKernel\\Controller\\ArgumentResolver\\DefaultValueResolver',
  72 => 'Symfony\\Component\\HttpKernel\\Controller\\ArgumentResolver\\NotTaggedControllerValueResolver',
  73 => 'Symfony\\Component\\HttpKernel\\Controller\\ArgumentResolver\\RequestAttributeValueResolver',
  74 => 'Symfony\\Component\\HttpKernel\\Controller\\ArgumentResolver\\RequestValueResolver',
  75 => 'Symfony\\Component\\HttpKernel\\Controller\\ArgumentResolver\\ServiceValueResolver',
  76 => 'Symfony\\Component\\HttpKernel\\Controller\\ArgumentResolver\\SessionValueResolver',
  77 => 'Symfony\\Component\\HttpKernel\\Controller\\ArgumentResolver\\TraceableValueResolver',
  78 => 'Symfony\\Component\\HttpKernel\\Controller\\ArgumentResolver\\VariadicValueResolver',
  79 => 'Symfony\\Component\\HttpKernel\\Controller\\ArgumentValueResolverInterface',
  80 => 'Symfony\\Component\\HttpKernel\\Controller\\ContainerControllerResolver',
  81 => 'Symfony\\Component\\HttpKernel\\Controller\\ControllerReference',
  82 => 'Symfony\\Component\\HttpKernel\\Controller\\ControllerResolver',
  83 => 'Symfony\\Component\\HttpKernel\\Controller\\ControllerResolverInterface',
  84 => 'Symfony\\Component\\HttpKernel\\Controller\\ErrorController',
  85 => 'Symfony\\Component\\HttpKernel\\Controller\\TraceableArgumentResolver',
  86 => 'Symfony\\Component\\HttpKernel\\Controller\\TraceableControllerResolver',
  87 => 'Symfony\\Component\\Security\\Http\\Controller\\UserValueResolver',
  88 => 'Vich\\UploaderBundle\\Entity\\File',
);